Event Generation Started: Wed May 13 12:50:13 2026
=============================================================================
EVENT GENERATION CONFIGURATION
=============================================================================

--- Collider Setup ---
  Preset:           hera300
  Proton Energy:    820 GeV
  Electron Energy:  27.5 GeV
  √s:               300.3 GeV

--- Event Generation ---
  Number of Events: 1000000

--- Physics Cuts ---
  pTHatMin:         5.0 GeV
  Q²max:            1.0 GeV²

--- PYTHIA Tuning ---
  Tune:pp:          14 (Monash 2013)
  Tune:ee:          7 (Monash 2013)
  pT0Ref:           3.0 GeV (MPI regularization)
  StringZ:aLund:    0.7
  StringZ:bLund:    1.0 GeV⁻²
  StringPT:sigma:   0.3 GeV

--- Output ---
  ROOT File:        ./hera300_pTHat5_pT0Ref3.0_Q2max1_n1000k.root
  Log File:         ./hera300_pTHat5_pT0Ref3.0_Q2max1_n1000k.log
=============================================================================


 *------------------------------------------------------------------------------------* 
 |                                                                                    | 
 |  *------------------------------------------------------------------------------*  | 
 |  |                                                                              |  | 
 |  |                                                                              |  | 
 |  |   PPP   Y   Y  TTTTT  H   H  III    A      Welcome to the Lund Monte Carlo!  |  | 
 |  |   P  P   Y Y     T    H   H   I    A A     This is PYTHIA version 8.311      |  | 
 |  |   PPP     Y      T    HHHHH   I   AAAAA    Last date of change:  8 Mar 2024  |  | 
 |  |   P       Y      T    H   H   I   A   A                                      |  | 
 |  |   P       Y      T    H   H  III  A   A    Now is 13 May 2026 at 12:50:14    |  | 
 |  |                                                                              |  | 
 |  |   Program documentation and an archive of historic versions is found on:     |  | 
 |  |                                                                              |  | 
 |  |                               https://pythia.org/                            |  | 
 |  |                                                                              |  | 
 |  |   PYTHIA is authored by a collaboration consisting of:                       |  | 
 |  |                                                                              |  | 
 |  |   Javira Altmann, Christian Bierlich, Naomi Cooke, Nishita Desai,            |  | 
 |  |   Leif Gellersen, Ilkka Helenius, Philip Ilten, Leif Lonnblad,               |  | 
 |  |   Stephen Mrenna, Christian Preuss, Torbjorn Sjostrand, Peter Skands,        |  | 
 |  |   Marius Utheim, and Rob Verheyen.                                           |  | 
 |  |                                                                              |  | 
 |  |   The complete list of authors, including contact information and            |  | 
 |  |   affiliations, can be found on https://pythia.org/.                         |  | 
 |  |   Problems or bugs should be reported on email at authors@pythia.org.        |  | 
 |  |                                                                              |  | 
 |  |   The main program reference is C. Bierlich et al,                           |  | 
 |  |   'A comprehensive guide to the physics and usage of Pythia 8.3',            |  | 
 |  |   SciPost Phys. Codebases 8-r8.3 (2022) [arXiv:2203.11601 [hep-ph]]          |  | 
 |  |                                                                              |  | 
 |  |   PYTHIA is released under the GNU General Public Licence version 2 or later.|  | 
 |  |   Please respect the MCnet Guidelines for Event Generator Authors and Users. |  | 
 |  |                                                                              |  | 
 |  |   Disclaimer: this program comes without any guarantees.                     |  | 
 |  |   Beware of errors and use common sense when interpreting results.           |  | 
 |  |                                                                              |  | 
 |  |   Copyright (C) 2024 Torbjorn Sjostrand                                      |  | 
 |  |                                                                              |  | 
 |  |                                                                              |  | 
 |  *------------------------------------------------------------------------------*  | 
 |                                                                                    | 
 *------------------------------------------------------------------------------------* 


 *-------  PYTHIA Process Initialization  --------------------------*
 |                                                                  |
 | We collide p+ with e- at a CM energy of 3.003e+02 GeV            |
 |                                                                  |
 |------------------------------------------------------------------|
 |                                                    |             |
 | Subprocess                                    Code |   Estimated |
 |                                                    |    max (mb) |
 |                                                    |             |
 |------------------------------------------------------------------|
 |                                                    |             |
 | g g -> g g                                     111 |   5.620e-04 |
 | g g -> q qbar (uds)                            112 |   1.015e-05 |
 | q g -> q g                                     113 |   1.040e-03 |
 | q q(bar)' -> q q(bar)'                         114 |   2.727e-04 |
 | q qbar -> g g                                  115 |   3.876e-06 |
 | q qbar -> q' qbar' (uds)                       116 |   1.950e-06 |
 | g g -> c cbar                                  121 |   2.784e-06 |
 | q qbar -> c cbar                               122 |   5.846e-07 |
 | g g -> b bbar                                  123 |   7.072e-07 |
 | q qbar -> b bbar                               124 |   2.677e-07 |
 | g gamma -> q qbar (uds)                        271 |   4.982e-05 |
 | g gamma -> c cbar                              272 |   2.924e-05 |
 | g gamma -> b bbar                              273 |   3.075e-06 |
 | q gamma -> q g (udscb)                         274 |   3.439e-05 |
 | gamma g -> q qbar (uds)                        281 |   7.037e-09 |
 | gamma g -> c cbar                              282 |   4.147e-09 |
 | gamma g -> b bbar                              283 |   4.268e-10 |
 | gamma q -> q g (udscb)                         284 |   1.296e-08 |
 |                                                                  |
 *-------  End PYTHIA Process Initialization -----------------------*
 PYTHIA Warning in MultipartonInteractions::init: maximum increased by factor 1.076

 *-------  PYTHIA Flag + Mode + Parm + Word + FVec + MVec + PVec + WVec Settings (changes only)  ------------------* 
 |                                                                                                                 | 
 | Name                                          |                      Now |      Default         Min         Max | 
 |                                               |                          |                                      | 
 | Beams:eA                                      |                820.00000 |     7000.000         0.0             | 
 | Beams:eB                                      |                 27.50000 |     7000.000         0.0             | 
 | Beams:frameType                               |                        2 |            1           1           5 | 
 | Beams:idB                                     |                       11 |         2212                         | 
 | HardQCD:all                                   |                       on |          off                         | 
 | Init:showChangedParticleData                  |                      off |           on                         | 
 | Init:showMultipartonInteractions              |                      off |           on                         | 
 | MultipartonInteractions:pT0Ref                |                  3.00000 |      2.28000     0.50000    10.00000 | 
 | Next:numberCount                              |                   100000 |         1000           0             | 
 | Next:numberShowEvent                          |                        0 |            1           0             | 
 | Next:numberShowInfo                           |                        0 |            1           0             | 
 | Next:numberShowProcess                        |                        0 |            1           0             | 
 | PDF:beamB2gamma                               |                       on |          off                         | 
 | PhaseSpace:pTHatMin                           |                  5.00000 |          0.0         0.0             | 
 | PhotonParton:all                              |                       on |          off                         | 
 |                                                                                                                 | 
 *-------  End PYTHIA Flag + Mode + Parm + Word + FVec + MVec + PVec + WVec Settings  -----------------------------* 

=== PYTHIA CONFIGURATION VERIFICATION ===
Tune:pp = 14
Tune:ee = 7
StringZ:aLund = 0.7
StringZ:bLund = 1.0
StringPT:sigma = 0.3
MultipartonInteractions:pT0Ref = 3.0
PhaseSpace:pTHatMin = 5.0
Photon:Q2max = 1.0
==========================================

ERROR in cling::CIFactory::createCI(): cannot extract standard library include paths!
Invoking:
  LC_ALL=C clang-19  -O3 -DNDEBUG -xc++ -E -v /dev/null 2>&1 | sed -n -e '/^.include/,${' -e '/^ \/.*++/p' -e '}'
Results was:
With exit code 0
Starting event generation...
Target: 1000000 events

  Progress: 0% | Valid: 0 | Efficiency: 0.0%
 PYTHIA Error in BeamRemnants::setKinematics: kinematics construction failed after retrying 10 times
 PYTHIA Error in Pythia::next: partonLevel failed; try again
 PYTHIA Abort from Pythia::next: parton+hadronLevel failed; giving up
 PYTHIA Warning in SimpleSpaceShower::pT2nextQCD: small daughter PDF
 PYTHIA Warning in MultipartonInteractions::scatter: no room for remnants for given scattering
 PYTHIA Warning in SimpleSpaceShower::pT2nextQCD: weight above unity
 PYTHIA Error in SimpleSpaceShower::pT2nearThreshold: stuck in loop
 PYTHIA Error in BeamRemnants::setOneRemnKinematics: beam remnant invariant mass too large
 PYTHIA Error in MiniStringFragmentation::fragment: no 1- or 2-body state found above mass threshold
 PYTHIA Error in HadronLevel::next: ministring fragmentation failed
 PYTHIA Error in Pythia::next: hadronLevel failed; try again
 PYTHIA Warning in HadronWidths::pickMasses: angular momentum and running widths not used
  Progress: 10% | Valid: 99989 | Efficiency: 100.0%

 Pythia::next(): 100000 events have been generated 
 PYTHIA Warning in BeamRemnants::addOld: colour tracing failed; will try again
 PYTHIA Error in BeamRemnants::addOld: colour tracing failed after 10 attempts
  Progress: 20% | Valid: 199977 | Efficiency: 100.0%

 Pythia::next(): 200000 events have been generated 
 PYTHIA Warning in TauDecays::decay: maximum decay weight exceeded in tau decay
  Progress: 30% | Valid: 299966 | Efficiency: 100.0%

 Pythia::next(): 300000 events have been generated 
  Progress: 40% | Valid: 399950 | Efficiency: 100.0%

 Pythia::next(): 400000 events have been generated 
  Progress: 50% | Valid: 499930 | Efficiency: 100.0%

 Pythia::next(): 500000 events have been generated 
  Progress: 60% | Valid: 599920 | Efficiency: 100.0%

 Pythia::next(): 600000 events have been generated 
 PYTHIA Warning in PhaseSpace::trialKin123: maximum for cross section violated
  Progress: 70% | Valid: 699908 | Efficiency: 100.0%

 Pythia::next(): 700000 events have been generated 
 PYTHIA Warning in SimpleSpaceShower::pT2nextQED: weight above unity
  Progress: 80% | Valid: 799897 | Efficiency: 100.0%

 Pythia::next(): 800000 events have been generated 
  Progress: 90% | Valid: 899886 | Efficiency: 100.0%

 Pythia::next(): 900000 events have been generated 

Event generation complete!


 *-------  PYTHIA Event and Cross Section Statistics  -------------------------------------------------------------*
 |                                                                                                                 |
 | Subprocess                                    Code |            Number of events       |      sigma +- delta    |
 |                                                    |       Tried   Selected   Accepted |     (estimated) (mb)   |
 |                                                    |                                   |                        |
 |-----------------------------------------------------------------------------------------------------------------|
 |                                                    |                                   |                        |
 | g g -> g g                                     111 |     3199528     232170     232170 |   4.076e-05  3.853e-08 |
 | g g -> q qbar (uds)                            112 |       57492       5458       5458 |   9.496e-07  6.121e-09 |
 | q g -> q g                                     113 |     5918900     434867     434789 |   7.644e-05  4.565e-08 |
 | q q(bar)' -> q q(bar)'                         114 |     1554992     114753     114712 |   2.008e-05  2.365e-08 |
 | q qbar -> g g                                  115 |       22240       2282       2282 |   3.886e-07  2.868e-09 |
 | q qbar -> q' qbar' (uds)                       116 |       11074       1443       1443 |   2.571e-07  2.368e-09 |
 | g g -> c cbar                                  121 |       16004       1565       1565 |   2.777e-07  3.326e-09 |
 | q qbar -> c cbar                               122 |        3373        445        445 |   7.642e-08  1.296e-09 |
 | g g -> b bbar                                  123 |        4076        471        471 |   8.397e-08  2.022e-09 |
 | q qbar -> b bbar                               124 |        1490        182        182 |   3.457e-08  9.111e-10 |
 | g gamma -> q qbar (uds)                        271 |      283659      88051      88051 |   1.551e-05  2.527e-08 |
 | g gamma -> c cbar                              272 |      165837      53319      53319 |   9.369e-06  1.983e-08 |
 | g gamma -> b bbar                              273 |       17656       5662       5662 |   1.005e-06  6.564e-09 |
 | q gamma -> q g (udscb)                         274 |      195638      59319      59319 |   1.036e-05  2.035e-08 |
 | gamma g -> q qbar (uds)                        281 |          40          3          3 |   8.051e-10  2.039e-10 |
 | gamma g -> c cbar                              282 |          30          4          4 |   6.604e-10  2.213e-10 |
 | gamma g -> b bbar                              283 |           0          0          0 |   0.000e+00  0.000e+00 |
 | gamma q -> q g (udscb)                         284 |          59          6          6 |   1.664e-09  2.723e-10 |
 |                                                    |                                   |                        |
 | sum                                                |    11452088    1000000     999881 |   1.756e-04  7.541e-08 |
 |                                                                                                                 |
 *-------  End PYTHIA Event and Cross Section Statistics ----------------------------------------------------------*

 *-------  PYTHIA Error and Warning Messages Statistics  ----------------------------------------------------------* 
 |                                                                                                                 | 
 |  times   message                                                                                                | 
 |                                                                                                                 | 
 |    119   Abort from Pythia::next: parton+hadronLevel failed; giving up                                          | 
 |      1   Error in BeamRemnants::addOld: colour tracing failed after 10 attempts                                 | 
 |  16169   Error in BeamRemnants::setKinematics: kinematics construction failed after retrying 10 times           | 
 |      6   Error in BeamRemnants::setOneRemnKinematics: beam remnant invariant mass too large                     | 
 |      2   Error in HadronLevel::next: ministring fragmentation failed                                            | 
 |      2   Error in MiniStringFragmentation::fragment: no 1- or 2-body state found above mass threshold           | 
 |      2   Error in Pythia::next: hadronLevel failed; try again                                                   | 
 |   1383   Error in Pythia::next: partonLevel failed; try again                                                   | 
 |     41   Error in SimpleSpaceShower::pT2nearThreshold: stuck in loop                                            | 
 |     13   Warning in BeamRemnants::addOld: colour tracing failed; will try again                                 | 
 |      6   Warning in HadronWidths::pickMasses: angular momentum and running widths not used                      | 
 |      1   Warning in MultipartonInteractions::init: maximum increased                                            | 
 |     69   Warning in MultipartonInteractions::scatter: no room for remnants for given scattering                 | 
 |      1   Warning in PhaseSpace::trialKin123: maximum for cross section violated                                 | 
 |   1056   Warning in SimpleSpaceShower::pT2nextQCD: small daughter PDF                                           | 
 |    115   Warning in SimpleSpaceShower::pT2nextQCD: weight above unity                                           | 
 |      1   Warning in SimpleSpaceShower::pT2nextQED: weight above unity                                           | 
 |      1   Warning in TauDecays::decay: maximum decay weight exceeded in tau decay                                | 
 |                                                                                                                 | 
 *-------  End PYTHIA Error and Warning Messages Statistics  ------------------------------------------------------* 

=============================================================================
EVENT GENERATION SUMMARY
=============================================================================
Output File: ./hera300_pTHat5_pT0Ref3.0_Q2max1_n1000k.root
Log File:    ./hera300_pTHat5_pT0Ref3.0_Q2max1_n1000k.log

--- Event Counts ---
Total Attempts:     1000000
Valid Events:       999881
Failed Events:      119
Efficiency:         100.0%

--- Subprocess Classification ---
  QQ (quark-init):    271315 (27.1%)
  GG (gluon-init):    234452 (23.4%)
  GQ (mixed):         494114 (49.4%)
  Unclassified:            0 (0.0%)

--- Photoproduction Type ---
  Resolved:           793517 (79.4%)
  Direct:             206364 (20.6%)

--- Process Code Breakdown ---
    Code                  Process     Count         %    Class
---------------------------------------------------------------
     111              g g → g g    232170    23.22%        GG
     112           g g → q qbar      5458     0.55%        QQ
     113              q g → q g    434789    43.48%        GQ
     114            q q' → q q'    114712    11.47%        QQ
     115           q qbar → g g      2282     0.23%        GG
     116      q qbar → q' qbar'      1443     0.14%        QQ
     121           g g → c cbar      1565     0.16%        QQ
     122        q qbar → c cbar       445     0.04%        QQ
     123           g g → b bbar       471     0.05%        QQ
     124        q qbar → b bbar       182     0.02%        QQ
     271          g γ → q qbar     88051     8.81%        QQ
     272          g γ → c cbar     53319     5.33%        QQ
     273          g γ → b bbar      5662     0.57%        QQ
     274             q γ → q g     59319     5.93%        GQ
     281          γ g → q qbar         3     0.00%        QQ
     282          γ g → c cbar         4     0.00%        QQ
     284             γ q → q g         6     0.00%        GQ

--- Trees Saved ---
  QQ_Events:         271315 events
  GG_Events:         234452 events
  GQ_Events:         494114 events
  Combined_Events:   999881 events
  Resolved_Events:   793517 events
  Direct_Events:     206364 events
=============================================================================

Event generation completed successfully!
Output: ./hera300_pTHat5_pT0Ref3.0_Q2max1_n1000k.root
