============================================================================================
Sanity check for per-eta binning  —  dijets_hera300_pTHat7_pT0Ref3.0_Q2max1_n1000k_R10_EtMin10_10_7
============================================================================================

--- observable: nsubjets ---
INCLUSIVE (|eta|<4):
  QQ: N=134774  <X>=3.0971  sigma=1.5397
  GG: N= 57592  <X>=3.2990  sigma=1.7444
  Delta_mu = +0.2019
  sep      = +0.0868

bin               N_QQ      <QQ>    sig_QQ    N_GG      <GG>    sig_GG     Delta       sep
[-1.0,+0.0)   22897    4.2513    1.2013    4003    5.3515    1.1666   +1.1002   +0.6570
[+0.0,+1.0)   37961    4.1809    1.2022   11283    5.2610    1.1522   +1.0801   +0.6487
[+1.0,+2.0)   35147    2.8952    1.0318   16704    3.7448    1.0428   +0.8496   +0.5792
[+2.0,+3.0)   25251    1.6267    0.6817   16862    2.1368    0.7557   +0.5101   +0.5012

variance decomposition (sigma^2 = within + between):
  QQ:  within^2 = 1.1303   between^2 = 1.0442   sum = 2.1745   observed^2 = 2.3708   ratio = 0.917
  GG:  within^2 = 0.9871   between^2 = 1.6296   sum = 2.6166   observed^2 = 3.0430   ratio = 0.860
  -> if ratio ~= 1.0, per-bin + between-bin variance reconstructs inclusive.
  -> fraction of QQ variance that is between-bin: 48.0%
  -> fraction of GG variance that is between-bin: 62.3%

N sanity: sum per-bin N_QQ = 121256  vs inclusive N_QQ = 134774  (diff = out-of-bin jets)
          sum per-bin N_GG = 48852  vs inclusive N_GG = 57592

--- observable: nsd ---
INCLUSIVE (|eta|<4):
  QQ: N=134774  <X>=3.4694  sigma=1.3497
  GG: N= 57592  <X>=4.4121  sigma=1.3190
  Delta_mu = +0.9427
  sep      = +0.4995

bin               N_QQ      <QQ>    sig_QQ    N_GG      <GG>    sig_GG     Delta       sep
[-1.0,+0.0)   22897    3.4302    1.3299    4003    4.2448    1.2766   +0.8146   +0.4419
[+0.0,+1.0)   37961    3.4900    1.3464   11283    4.3694    1.3178   +0.8794   +0.4668
[+1.0,+2.0)   35147    3.4825    1.3612   16704    4.4337    1.3230   +0.9512   +0.5011
[+2.0,+3.0)   25251    3.4799    1.3561   16862    4.4548    1.3254   +0.9748   +0.5141

variance decomposition (sigma^2 = within + between):
  QQ:  within^2 = 1.8215   between^2 = 0.0005   sum = 1.8220   observed^2 = 1.8217   ratio = 1.000
  GG:  within^2 = 1.7395   between^2 = 0.0035   sum = 1.7430   observed^2 = 1.7396   ratio = 1.002
  -> if ratio ~= 1.0, per-bin + between-bin variance reconstructs inclusive.
  -> fraction of QQ variance that is between-bin: 0.0%
  -> fraction of GG variance that is between-bin: 0.2%

N sanity: sum per-bin N_QQ = 121256  vs inclusive N_QQ = 134774  (diff = out-of-bin jets)
          sum per-bin N_GG = 48852  vs inclusive N_GG = 57592

Wrote /Users/siddharthsingh/Analysis/repos/photoproduction-eic/plots/softdrop/output/hera300_antikt_dijets/sanity_eta_means.pdf
