Event Generation Started: Thu May  7 11:47:26 2026
=============================================================================
EVENT GENERATION CONFIGURATION
=============================================================================

--- Collider Setup ---
  Preset:           hera300
  Proton Energy:    820 GeV
  Electron Energy:  27.5 GeV
  √s:               300.3 GeV

--- Event Generation ---
  Number of Events: 500000

--- Physics Cuts ---
  pTHatMin:         3.0 GeV
  Q²max:            1.0 GeV²

--- PYTHIA Tuning ---
  Tune:pp:          14 (Monash 2013)
  Tune:ee:          7 (Monash 2013)
  pT0Ref:           3.0 GeV (MPI regularization)
  StringZ:aLund:    0.7
  StringZ:bLund:    1.0 GeV⁻²
  StringPT:sigma:   0.3 GeV

--- Output ---
  ROOT File:        ./hera300_pTHat3_pT0Ref3.0_Q2max1_n500k_pTHat3test.root
  Log File:         ./hera300_pTHat3_pT0Ref3.0_Q2max1_n500k_pTHat3test.log
=============================================================================


 *------------------------------------------------------------------------------------* 
 |                                                                                    | 
 |  *------------------------------------------------------------------------------*  | 
 |  |                                                                              |  | 
 |  |                                                                              |  | 
 |  |   PPP   Y   Y  TTTTT  H   H  III    A      Welcome to the Lund Monte Carlo!  |  | 
 |  |   P  P   Y Y     T    H   H   I    A A     This is PYTHIA version 8.311      |  | 
 |  |   PPP     Y      T    HHHHH   I   AAAAA    Last date of change:  8 Mar 2024  |  | 
 |  |   P       Y      T    H   H   I   A   A                                      |  | 
 |  |   P       Y      T    H   H  III  A   A    Now is 07 May 2026 at 11:47:26    |  | 
 |  |                                                                              |  | 
 |  |   Program documentation and an archive of historic versions is found on:     |  | 
 |  |                                                                              |  | 
 |  |                               https://pythia.org/                            |  | 
 |  |                                                                              |  | 
 |  |   PYTHIA is authored by a collaboration consisting of:                       |  | 
 |  |                                                                              |  | 
 |  |   Javira Altmann, Christian Bierlich, Naomi Cooke, Nishita Desai,            |  | 
 |  |   Leif Gellersen, Ilkka Helenius, Philip Ilten, Leif Lonnblad,               |  | 
 |  |   Stephen Mrenna, Christian Preuss, Torbjorn Sjostrand, Peter Skands,        |  | 
 |  |   Marius Utheim, and Rob Verheyen.                                           |  | 
 |  |                                                                              |  | 
 |  |   The complete list of authors, including contact information and            |  | 
 |  |   affiliations, can be found on https://pythia.org/.                         |  | 
 |  |   Problems or bugs should be reported on email at authors@pythia.org.        |  | 
 |  |                                                                              |  | 
 |  |   The main program reference is C. Bierlich et al,                           |  | 
 |  |   'A comprehensive guide to the physics and usage of Pythia 8.3',            |  | 
 |  |   SciPost Phys. Codebases 8-r8.3 (2022) [arXiv:2203.11601 [hep-ph]]          |  | 
 |  |                                                                              |  | 
 |  |   PYTHIA is released under the GNU General Public Licence version 2 or later.|  | 
 |  |   Please respect the MCnet Guidelines for Event Generator Authors and Users. |  | 
 |  |                                                                              |  | 
 |  |   Disclaimer: this program comes without any guarantees.                     |  | 
 |  |   Beware of errors and use common sense when interpreting results.           |  | 
 |  |                                                                              |  | 
 |  |   Copyright (C) 2024 Torbjorn Sjostrand                                      |  | 
 |  |                                                                              |  | 
 |  |                                                                              |  | 
 |  *------------------------------------------------------------------------------*  | 
 |                                                                                    | 
 *------------------------------------------------------------------------------------* 


 *-------  PYTHIA Process Initialization  --------------------------*
 |                                                                  |
 | We collide p+ with e- at a CM energy of 3.003e+02 GeV            |
 |                                                                  |
 |------------------------------------------------------------------|
 |                                                    |             |
 | Subprocess                                    Code |   Estimated |
 |                                                    |    max (mb) |
 |                                                    |             |
 |------------------------------------------------------------------|
 |                                                    |             |
 | g g -> g g                                     111 |   6.274e-03 |
 | g g -> q qbar (uds)                            112 |   1.022e-04 |
 | q g -> q g                                     113 |   8.939e-03 |
 | q q(bar)' -> q q(bar)'                         114 |   1.905e-03 |
 | q qbar -> g g                                  115 |   2.608e-05 |
 | q qbar -> q' qbar' (uds)                       116 |   1.268e-05 |
 | g g -> c cbar                                  121 |   2.060e-05 |
 | q qbar -> c cbar                               122 |   3.217e-06 |
 | g g -> b bbar                                  123 |   2.016e-06 |
 | q qbar -> b bbar                               124 |   6.883e-07 |
 | g gamma -> q qbar (uds)                        271 |   2.883e-04 |
 | g gamma -> c cbar                              272 |   1.429e-04 |
 | g gamma -> b bbar                              273 |   7.612e-06 |
 | q gamma -> q g (udscb)                         274 |   1.689e-04 |
 | gamma g -> q qbar (uds)                        281 |   4.700e-08 |
 | gamma g -> c cbar                              282 |   2.324e-08 |
 | gamma g -> b bbar                              283 |   1.104e-09 |
 | gamma q -> q g (udscb)                         284 |   6.738e-08 |
 |                                                                  |
 *-------  End PYTHIA Process Initialization -----------------------*
 PYTHIA Warning in MultipartonInteractions::init: maximum increased by factor 1.076

 *-------  PYTHIA Flag + Mode + Parm + Word + FVec + MVec + PVec + WVec Settings (changes only)  ------------------* 
 |                                                                                                                 | 
 | Name                                          |                      Now |      Default         Min         Max | 
 |                                               |                          |                                      | 
 | Beams:eA                                      |                820.00000 |     7000.000         0.0             | 
 | Beams:eB                                      |                 27.50000 |     7000.000         0.0             | 
 | Beams:frameType                               |                        2 |            1           1           5 | 
 | Beams:idB                                     |                       11 |         2212                         | 
 | HardQCD:all                                   |                       on |          off                         | 
 | Init:showChangedParticleData                  |                      off |           on                         | 
 | Init:showMultipartonInteractions              |                      off |           on                         | 
 | MultipartonInteractions:pT0Ref                |                  3.00000 |      2.28000     0.50000    10.00000 | 
 | Next:numberCount                              |                   100000 |         1000           0             | 
 | Next:numberShowEvent                          |                        0 |            1           0             | 
 | Next:numberShowInfo                           |                        0 |            1           0             | 
 | Next:numberShowProcess                        |                        0 |            1           0             | 
 | PDF:beamB2gamma                               |                       on |          off                         | 
 | PhaseSpace:pTHatMin                           |                  3.00000 |          0.0         0.0             | 
 | PhotonParton:all                              |                       on |          off                         | 
 |                                                                                                                 | 
 *-------  End PYTHIA Flag + Mode + Parm + Word + FVec + MVec + PVec + WVec Settings  -----------------------------* 

=== PYTHIA CONFIGURATION VERIFICATION ===
Tune:pp = 14
Tune:ee = 7
StringZ:aLund = 0.7
StringZ:bLund = 1.0
StringPT:sigma = 0.3
MultipartonInteractions:pT0Ref = 3.0
PhaseSpace:pTHatMin = 3.0
Photon:Q2max = 1.0
==========================================

ERROR in cling::CIFactory::createCI(): cannot extract standard library include paths!
Invoking:
  LC_ALL=C clang-19  -O3 -DNDEBUG -xc++ -E -v /dev/null 2>&1 | sed -n -e '/^.include/,${' -e '/^ \/.*++/p' -e '}'
Results was:
With exit code 0
Starting event generation...
Target: 500000 events

  Progress: 0% | Valid: 0 | Efficiency: 0.0%
 PYTHIA Error in BeamRemnants::setKinematics: kinematics construction failed after retrying 10 times
 PYTHIA Warning in SimpleSpaceShower::pT2nextQCD: small daughter PDF
 PYTHIA Error in Pythia::next: partonLevel failed; try again
 PYTHIA Abort from Pythia::next: parton+hadronLevel failed; giving up
 PYTHIA Error in SimpleSpaceShower::pT2nearThreshold: stuck in loop
 PYTHIA Warning in MultipartonInteractions::scatter: no room for remnants for given scattering
 PYTHIA Warning in SimpleSpaceShower::pT2nextQCD: weight above unity
  Progress: 10% | Valid: 49990 | Efficiency: 100.0%
  Progress: 20% | Valid: 99980 | Efficiency: 100.0%

 Pythia::next(): 100000 events have been generated 
 PYTHIA Error in BeamRemnants::setOneRemnKinematics: beam remnant invariant mass too large
  Progress: 30% | Valid: 149974 | Efficiency: 100.0%
  Progress: 40% | Valid: 199968 | Efficiency: 100.0%

 Pythia::next(): 200000 events have been generated 
 PYTHIA Warning in BeamRemnants::addOld: colour tracing failed; will try again
 PYTHIA Error in BeamRemnants::addOld: colour tracing failed after 10 attempts
  Progress: 50% | Valid: 249965 | Efficiency: 100.0%
  Progress: 60% | Valid: 299963 | Efficiency: 100.0%

 Pythia::next(): 300000 events have been generated 
  Progress: 70% | Valid: 349954 | Efficiency: 100.0%
 PYTHIA Error in BeamRemnants::setKinematics: no momentum left for beam remnants
  Progress: 80% | Valid: 399949 | Efficiency: 100.0%

 Pythia::next(): 400000 events have been generated 
  Progress: 90% | Valid: 449940 | Efficiency: 100.0%

Event generation complete!


 *-------  PYTHIA Event and Cross Section Statistics  -------------------------------------------------------------*
 |                                                                                                                 |
 | Subprocess                                    Code |            Number of events       |      sigma +- delta    |
 |                                                    |       Tried   Selected   Accepted |     (estimated) (mb)   |
 |                                                    |                                   |                        |
 |-----------------------------------------------------------------------------------------------------------------|
 |                                                    |                                   |                        |
 | g g -> g g                                     111 |     2463046     167564     167564 |   4.268e-04  4.919e-07 |
 | g g -> q qbar (uds)                            112 |       39891       3630       3630 |   9.351e-06  7.397e-08 |
 | q g -> q g                                     113 |     3506625     214042     213997 |   5.440e-04  4.477e-07 |
 | q q(bar)' -> q q(bar)'                         114 |      747298      43463      43441 |   1.109e-04  1.855e-07 |
 | q qbar -> g g                                  115 |       10107        874        874 |   2.127e-06  2.386e-08 |
 | q qbar -> q' qbar' (uds)                       116 |        5068        531        531 |   1.359e-06  1.836e-08 |
 | g g -> c cbar                                  121 |        8084        847        847 |   2.197e-06  3.733e-08 |
 | q qbar -> c cbar                               122 |        1295        128        128 |   3.509e-07  9.261e-09 |
 | g g -> b bbar                                  123 |         812        103        103 |   2.538e-07  1.280e-08 |
 | q qbar -> b bbar                               124 |         278         27         27 |   7.199e-08  4.813e-09 |
 | g gamma -> q qbar (uds)                        271 |      112612      32799      32799 |   8.399e-05  2.212e-07 |
 | g gamma -> c cbar                              272 |       55940      17192      17192 |   4.401e-05  1.618e-07 |
 | g gamma -> b bbar                              273 |        3047        844        844 |   2.046e-06  3.519e-08 |
 | q gamma -> q g (udscb)                         274 |       65972      17949      17949 |   4.564e-05  1.646e-07 |
 | gamma g -> q qbar (uds)                        281 |          18          1          1 |   3.393e-09  3.393e-09 |
 | gamma g -> c cbar                              282 |          12          2          2 |   2.150e-09  1.052e-09 |
 | gamma g -> b bbar                              283 |           1          1          1 |   3.076e-10  3.076e-10 |
 | gamma q -> q g (udscb)                         284 |          20          3          3 |   8.795e-09  1.824e-09 |
 |                                                    |                                   |                        |
 | sum                                                |     7020126     500000     499933 |   1.273e-03  7.671e-07 |
 |                                                                                                                 |
 *-------  End PYTHIA Event and Cross Section Statistics ----------------------------------------------------------*

 *-------  PYTHIA Error and Warning Messages Statistics  ----------------------------------------------------------* 
 |                                                                                                                 | 
 |  times   message                                                                                                | 
 |                                                                                                                 | 
 |     67   Abort from Pythia::next: parton+hadronLevel failed; giving up                                          | 
 |      1   Error in BeamRemnants::addOld: colour tracing failed after 10 attempts                                 | 
 |   9795   Error in BeamRemnants::setKinematics: kinematics construction failed after retrying 10 times           | 
 |    100   Error in BeamRemnants::setKinematics: no momentum left for beam remnants                               | 
 |      6   Error in BeamRemnants::setOneRemnKinematics: beam remnant invariant mass too large                     | 
 |    848   Error in Pythia::next: partonLevel failed; try again                                                   | 
 |     22   Error in SimpleSpaceShower::pT2nearThreshold: stuck in loop                                            | 
 |     10   Warning in BeamRemnants::addOld: colour tracing failed; will try again                                 | 
 |      1   Warning in MultipartonInteractions::init: maximum increased                                            | 
 |     10   Warning in MultipartonInteractions::scatter: no room for remnants for given scattering                 | 
 |    708   Warning in SimpleSpaceShower::pT2nextQCD: small daughter PDF                                           | 
 |     35   Warning in SimpleSpaceShower::pT2nextQCD: weight above unity                                           | 
 |                                                                                                                 | 
 *-------  End PYTHIA Error and Warning Messages Statistics  ------------------------------------------------------* 

=============================================================================
EVENT GENERATION SUMMARY
=============================================================================
Output File: ./hera300_pTHat3_pT0Ref3.0_Q2max1_n500k_pTHat3test.root
Log File:    ./hera300_pTHat3_pT0Ref3.0_Q2max1_n500k_pTHat3test.log

--- Event Counts ---
Total Attempts:     500000
Valid Events:       499933
Failed Events:      67
Efficiency:         100.0%

--- Subprocess Classification ---
  QQ (quark-init):     99546 (19.9%)
  GG (gluon-init):    168438 (33.7%)
  GQ (mixed):         231949 (46.4%)
  Unclassified:            0 (0.0%)

--- Photoproduction Type ---
  Resolved:           431142 (86.2%)
  Direct:              68791 (13.8%)

--- Process Code Breakdown ---
    Code                  Process     Count         %    Class
---------------------------------------------------------------
     111              g g → g g    167564    33.52%        GG
     112           g g → q qbar      3630     0.73%        QQ
     113              q g → q g    213997    42.81%        GQ
     114            q q' → q q'     43441     8.69%        QQ
     115           q qbar → g g       874     0.17%        GG
     116      q qbar → q' qbar'       531     0.11%        QQ
     121           g g → c cbar       847     0.17%        QQ
     122        q qbar → c cbar       128     0.03%        QQ
     123           g g → b bbar       103     0.02%        QQ
     124        q qbar → b bbar        27     0.01%        QQ
     271          g γ → q qbar     32799     6.56%        QQ
     272          g γ → c cbar     17192     3.44%        QQ
     273          g γ → b bbar       844     0.17%        QQ
     274             q γ → q g     17949     3.59%        GQ
     281          γ g → q qbar         1     0.00%        QQ
     282          γ g → c cbar         2     0.00%        QQ
     283          γ g → b bbar         1     0.00%        QQ
     284             γ q → q g         3     0.00%        GQ

--- Trees Saved ---
  QQ_Events:          99546 events
  GG_Events:         168438 events
  GQ_Events:         231949 events
  Combined_Events:   499933 events
  Resolved_Events:   431142 events
  Direct_Events:      68791 events
=============================================================================

Event generation completed successfully!
Output: ./hera300_pTHat3_pT0Ref3.0_Q2max1_n500k_pTHat3test.root
