Per-eta-bin AUC (dotted = inclusive). anti-kT, R=1.0, ET>10 GeV
==============================================================================
 sqrt(s)  bin           Psi(0.3)     n_SD  n_subjets     nSJ-nSD
      64  inclusive        0.745    0.657      0.652      -0.004
          [0,1)            0.748    0.647      0.696      +0.048
          [1,1.5)          0.755    0.669      0.725      +0.056
          [1.5,2)          0.735    0.665      0.691      +0.027
------------------------------------------------------------------------------
     105  inclusive        0.766    0.682      0.590      -0.092
          [0,1)            0.764    0.665      0.702      +0.037
          [1,1.5)          0.785    0.678      0.734      +0.056
          [1.5,2)          0.760    0.686      0.720      +0.033
------------------------------------------------------------------------------
     141  inclusive        0.757    0.672      0.586      -0.087
          [-1,0)           0.766    0.658      0.724      +0.067
          [0,1)            0.764    0.659      0.723      +0.064
          [1,1.5)          0.757    0.668      0.726      +0.058
          [1.5,2)          0.764    0.683      0.723      +0.040
------------------------------------------------------------------------------
     300  inclusive        0.768    0.688      0.526      -0.162
          [-1,0)           0.776    0.668      0.740      +0.072
          [0,1)            0.780    0.677      0.737      +0.060
          [1,1.5)          0.771    0.684      0.743      +0.058
          [1.5,2)          0.774    0.694      0.738      +0.043
------------------------------------------------------------------------------
