Jet-weighted mean AUC vs eta bin width, uniform bins over [-1,2]
anti-kT, R=1.0, ET>10 GeV. Width 3 = fully pooled.
==============================================================================
 sqrt(s)  bins   width      jets  Psi(0.3)     n_SD  n_subjets
      64     1    3.00     15433     0.746    0.656      0.655
      64     2    1.50     15433     0.746    0.650      0.675
      64     3    1.00     14733     0.748    0.656      0.698
      64     6    0.50     14733     0.748    0.654      0.705
      64    12    0.25      4908     0.744    0.666      0.710
------------------------------------------------------------------------------
     105     1    3.00     21593     0.767    0.678      0.645
     105     2    1.50     21593     0.768    0.673      0.674
     105     3    1.00     20960     0.768    0.675      0.702
     105     6    0.50     20960     0.769    0.673      0.719
     105    12    0.25     19710     0.767    0.671      0.725
------------------------------------------------------------------------------
     141     1    3.00    132215     0.758    0.668      0.641
     141     2    1.50    132215     0.762    0.666      0.693
     141     3    1.00    132215     0.763    0.665      0.714
     141     6    0.50    132215     0.763    0.665      0.727
     141    12    0.25    131244     0.764    0.665      0.731
------------------------------------------------------------------------------
     300     1    3.00    127995     0.772    0.684      0.651
     300     2    1.50    127995     0.775    0.680      0.708
     300     3    1.00    127995     0.776    0.680      0.728
     300     6    0.50    127995     0.776    0.680      0.741
     300    12    0.25    127995     0.776    0.679      0.745
------------------------------------------------------------------------------
