Jet counts per eta bin. The four bins tile [-1,2) exactly, so
the per-bin sum equals the total in that range. The inclusive
column is the full acceptance -4 < eta < 4, which is larger:
the difference is jets forward of eta = 2.
==============================================================================
 sqrt(s)  bin              N_QQ     N_GG
      64  [-1, 0)           690       10
          [0, 1)           7927      340
          [1, 1.5)         4014      252
          [1.5, 2)         2065      135
          sum of bins     14696      737
          total [-1,2)    14696      737   closure: +0 / +0
          inclusive       15132      758   (|eta| < 4)
------------------------------------------------------------------------------
     105  [-1, 0)           617       16
          [0, 1)           8295      601
          [1, 1.5)         5642      612
          [1.5, 2)         5131      679
          sum of bins     19685     1908
          total [-1,2)    19685     1908   closure: +0 / +0
          inclusive       25258     2796   (|eta| < 4)
------------------------------------------------------------------------------
     141  [-1, 0)         20036     1538
          [0, 1)          50776     6634
          [1, 1.5)        24329     4735
          [1.5, 2)        19555     4612
          sum of bins    114696    17519
          total [-1,2)   114696    17519   closure: +0 / +0
          inclusive      135800    22930   (|eta| < 4)
------------------------------------------------------------------------------
     300  [-1, 0)         22897     4003
          [0, 1)          37961    11283
          [1, 1.5)        18660     7965
          [1.5, 2)        16487     8739
          sum of bins     96005    31990
          total [-1,2)    96005    31990   closure: +0 / +0
          inclusive      134774    57592   (|eta| < 4)
------------------------------------------------------------------------------
