Event Generation Started: Wed May 13 12:50:14 2026
=============================================================================
EVENT GENERATION CONFIGURATION
=============================================================================

--- Collider Setup ---
  Preset:           eic141
  Proton Energy:    275 GeV
  Electron Energy:  18 GeV
  √s:               140.7 GeV

--- Event Generation ---
  Number of Events: 1000000

--- Physics Cuts ---
  pTHatMin:         5.0 GeV
  Q²max:            1.0 GeV²

--- PYTHIA Tuning ---
  Tune:pp:          14 (Monash 2013)
  Tune:ee:          7 (Monash 2013)
  pT0Ref:           3.0 GeV (MPI regularization)
  StringZ:aLund:    0.7
  StringZ:bLund:    1.0 GeV⁻²
  StringPT:sigma:   0.3 GeV

--- Output ---
  ROOT File:        ./eic141_pTHat5_pT0Ref3.0_Q2max1_n1000k.root
  Log File:         ./eic141_pTHat5_pT0Ref3.0_Q2max1_n1000k.log
=============================================================================


 *------------------------------------------------------------------------------------* 
 |                                                                                    | 
 |  *------------------------------------------------------------------------------*  | 
 |  |                                                                              |  | 
 |  |                                                                              |  | 
 |  |   PPP   Y   Y  TTTTT  H   H  III    A      Welcome to the Lund Monte Carlo!  |  | 
 |  |   P  P   Y Y     T    H   H   I    A A     This is PYTHIA version 8.311      |  | 
 |  |   PPP     Y      T    HHHHH   I   AAAAA    Last date of change:  8 Mar 2024  |  | 
 |  |   P       Y      T    H   H   I   A   A                                      |  | 
 |  |   P       Y      T    H   H  III  A   A    Now is 13 May 2026 at 12:50:14    |  | 
 |  |                                                                              |  | 
 |  |   Program documentation and an archive of historic versions is found on:     |  | 
 |  |                                                                              |  | 
 |  |                               https://pythia.org/                            |  | 
 |  |                                                                              |  | 
 |  |   PYTHIA is authored by a collaboration consisting of:                       |  | 
 |  |                                                                              |  | 
 |  |   Javira Altmann, Christian Bierlich, Naomi Cooke, Nishita Desai,            |  | 
 |  |   Leif Gellersen, Ilkka Helenius, Philip Ilten, Leif Lonnblad,               |  | 
 |  |   Stephen Mrenna, Christian Preuss, Torbjorn Sjostrand, Peter Skands,        |  | 
 |  |   Marius Utheim, and Rob Verheyen.                                           |  | 
 |  |                                                                              |  | 
 |  |   The complete list of authors, including contact information and            |  | 
 |  |   affiliations, can be found on https://pythia.org/.                         |  | 
 |  |   Problems or bugs should be reported on email at authors@pythia.org.        |  | 
 |  |                                                                              |  | 
 |  |   The main program reference is C. Bierlich et al,                           |  | 
 |  |   'A comprehensive guide to the physics and usage of Pythia 8.3',            |  | 
 |  |   SciPost Phys. Codebases 8-r8.3 (2022) [arXiv:2203.11601 [hep-ph]]          |  | 
 |  |                                                                              |  | 
 |  |   PYTHIA is released under the GNU General Public Licence version 2 or later.|  | 
 |  |   Please respect the MCnet Guidelines for Event Generator Authors and Users. |  | 
 |  |                                                                              |  | 
 |  |   Disclaimer: this program comes without any guarantees.                     |  | 
 |  |   Beware of errors and use common sense when interpreting results.           |  | 
 |  |                                                                              |  | 
 |  |   Copyright (C) 2024 Torbjorn Sjostrand                                      |  | 
 |  |                                                                              |  | 
 |  |                                                                              |  | 
 |  *------------------------------------------------------------------------------*  | 
 |                                                                                    | 
 *------------------------------------------------------------------------------------* 

 PYTHIA Warning in PhaseSpace::trialKin123: maximum for cross section violated

 *-------  PYTHIA Process Initialization  --------------------------*
 |                                                                  |
 | We collide p+ with e- at a CM energy of 1.407e+02 GeV            |
 |                                                                  |
 |------------------------------------------------------------------|
 |                                                    |             |
 | Subprocess                                    Code |   Estimated |
 |                                                    |    max (mb) |
 |                                                    |             |
 |------------------------------------------------------------------|
 |                                                    |             |
 | g g -> g g                                     111 |   6.750e-05 |
 | g g -> q qbar (uds)                            112 |   1.537e-06 |
 | q g -> q g                                     113 |   1.830e-04 |
 | q q(bar)' -> q q(bar)'                         114 |   7.415e-05 |
 | q qbar -> g g                                  115 |   1.366e-06 |
 | q qbar -> q' qbar' (uds)                       116 |   6.860e-07 |
 | g g -> c cbar                                  121 |   4.158e-07 |
 | q qbar -> c cbar                               122 |   2.060e-07 |
 | g g -> b bbar                                  123 |   8.834e-08 |
 | q qbar -> b bbar                               124 |   9.441e-08 |
 | g gamma -> q qbar (uds)                        271 |   1.388e-05 |
 | g gamma -> c cbar                              272 |   8.018e-06 |
 | g gamma -> b bbar                              273 |   7.918e-07 |
 | q gamma -> q g (udscb)                         274 |   1.486e-05 |
 | gamma g -> q qbar (uds)                        281 |   1.407e-09 |
 | gamma g -> c cbar                              282 |   8.192e-10 |
 | gamma g -> b bbar                              283 |   8.514e-11 |
 | gamma q -> q g (udscb)                         284 |   3.844e-09 |
 |                                                                  |
 *-------  End PYTHIA Process Initialization -----------------------*
 PYTHIA Warning in MultipartonInteractions::init: maximum increased by factor 1.035

 *-------  PYTHIA Flag + Mode + Parm + Word + FVec + MVec + PVec + WVec Settings (changes only)  ------------------* 
 |                                                                                                                 | 
 | Name                                          |                      Now |      Default         Min         Max | 
 |                                               |                          |                                      | 
 | Beams:eA                                      |                275.00000 |     7000.000         0.0             | 
 | Beams:eB                                      |                 18.00000 |     7000.000         0.0             | 
 | Beams:frameType                               |                        2 |            1           1           5 | 
 | Beams:idB                                     |                       11 |         2212                         | 
 | HardQCD:all                                   |                       on |          off                         | 
 | Init:showChangedParticleData                  |                      off |           on                         | 
 | Init:showMultipartonInteractions              |                      off |           on                         | 
 | MultipartonInteractions:pT0Ref                |                  3.00000 |      2.28000     0.50000    10.00000 | 
 | Next:numberCount                              |                   100000 |         1000           0             | 
 | Next:numberShowEvent                          |                        0 |            1           0             | 
 | Next:numberShowInfo                           |                        0 |            1           0             | 
 | Next:numberShowProcess                        |                        0 |            1           0             | 
 | PDF:beamB2gamma                               |                       on |          off                         | 
 | PhaseSpace:pTHatMin                           |                  5.00000 |          0.0         0.0             | 
 | PhotonParton:all                              |                       on |          off                         | 
 |                                                                                                                 | 
 *-------  End PYTHIA Flag + Mode + Parm + Word + FVec + MVec + PVec + WVec Settings  -----------------------------* 

=== PYTHIA CONFIGURATION VERIFICATION ===
Tune:pp = 14
Tune:ee = 7
StringZ:aLund = 0.7
StringZ:bLund = 1.0
StringPT:sigma = 0.3
MultipartonInteractions:pT0Ref = 3.0
PhaseSpace:pTHatMin = 5.0
Photon:Q2max = 1.0
==========================================

ERROR in cling::CIFactory::createCI(): cannot extract standard library include paths!
Invoking:
  LC_ALL=C clang-19  -O3 -DNDEBUG -xc++ -E -v /dev/null 2>&1 | sed -n -e '/^.include/,${' -e '/^ \/.*++/p' -e '}'
Results was:
With exit code 0
Starting event generation...
Target: 1000000 events

  Progress: 0% | Valid: 0 | Efficiency: 0.0%
 PYTHIA Error in BeamRemnants::setKinematics: kinematics construction failed after retrying 10 times
 PYTHIA Error in Pythia::next: partonLevel failed; try again
 PYTHIA Abort from Pythia::next: parton+hadronLevel failed; giving up
 PYTHIA Warning in SimpleSpaceShower::pT2nextQCD: small daughter PDF
 PYTHIA Warning in SimpleSpaceShower::pT2nextQCD: weight above unity
 PYTHIA Warning in HadronWidths::pickMasses: angular momentum and running widths not used
 PYTHIA Warning in MultipartonInteractions::scatter: no room for remnants for given scattering
 PYTHIA Error in SimpleSpaceShower::pT2nearThreshold: stuck in loop
 PYTHIA Error in BeamRemnants::setOneRemnKinematics: beam remnant invariant mass too large
  Progress: 10% | Valid: 99959 | Efficiency: 100.0%

 Pythia::next(): 100000 events have been generated 
  Progress: 20% | Valid: 199923 | Efficiency: 100.0%

 Pythia::next(): 200000 events have been generated 
  Progress: 30% | Valid: 299889 | Efficiency: 100.0%

 Pythia::next(): 300000 events have been generated 
  Progress: 40% | Valid: 399853 | Efficiency: 100.0%

 Pythia::next(): 400000 events have been generated 
 PYTHIA Warning in BeamRemnants::addOld: colour tracing failed; will try again
 PYTHIA Error in BeamRemnants::addOld: colour tracing failed after 10 attempts
  Progress: 50% | Valid: 499815 | Efficiency: 100.0%

 Pythia::next(): 500000 events have been generated 
 PYTHIA Error in BeamRemnants::setKinematics: no momentum left for beam remnants
  Progress: 60% | Valid: 599778 | Efficiency: 100.0%

 Pythia::next(): 600000 events have been generated 
  Progress: 70% | Valid: 699733 | Efficiency: 100.0%

 Pythia::next(): 700000 events have been generated 
  Progress: 80% | Valid: 799688 | Efficiency: 100.0%

 Pythia::next(): 800000 events have been generated 
 PYTHIA Warning in TauDecays::decay: unknown correlated tau production, assuming from unpolarized photon
  Progress: 90% | Valid: 899643 | Efficiency: 100.0%

 Pythia::next(): 900000 events have been generated 

Event generation complete!


 *-------  PYTHIA Event and Cross Section Statistics  -------------------------------------------------------------*
 |                                                                                                                 |
 | Subprocess                                    Code |            Number of events       |      sigma +- delta    |
 |                                                    |       Tried   Selected   Accepted |     (estimated) (mb)   |
 |                                                    |                                   |                        |
 |-----------------------------------------------------------------------------------------------------------------|
 |                                                    |                                   |                        |
 | g g -> g g                                     111 |     1649723     136897     136897 |   5.590e-06  6.790e-09 |
 | g g -> q qbar (uds)                            112 |       37529       3475       3475 |   1.407e-07  1.122e-09 |
 | q g -> q g                                     113 |     4472051     387911     387655 |   1.587e-05  9.777e-09 |
 | q q(bar)' -> q q(bar)'                         114 |     1809598     147392     147246 |   6.053e-06  6.529e-09 |
 | q qbar -> g g                                  115 |       33175       3431       3431 |   1.390e-07  8.601e-10 |
 | q qbar -> q' qbar' (uds)                       116 |       17074       2496       2495 |   9.753e-08  7.733e-10 |
 | g g -> c cbar                                  121 |       10159        991        991 |   3.989e-08  6.072e-10 |
 | q qbar -> c cbar                               122 |        4975        722        722 |   2.953e-08  4.351e-10 |
 | g g -> b bbar                                  123 |        2162        222        222 |   9.395e-09  3.162e-10 |
 | q qbar -> b bbar                               124 |        2221        272        272 |   1.157e-08  2.727e-10 |
 | g gamma -> q qbar (uds)                        271 |      338625     118263     118263 |   4.832e-06  6.697e-09 |
 | g gamma -> c cbar                              272 |      195598      70397      70397 |   2.883e-06  5.254e-09 |
 | g gamma -> b bbar                              273 |       19505       6487       6487 |   2.617e-07  1.657e-09 |
 | q gamma -> q g (udscb)                         274 |      362009     121016     121015 |   4.960e-06  6.872e-09 |
 | gamma g -> q qbar (uds)                        281 |          32          3          3 |   2.413e-10  6.751e-11 |
 | gamma g -> c cbar                              282 |          24          5          5 |   1.189e-10  3.031e-11 |
 | gamma g -> b bbar                              283 |           2          0          0 |   0.000e+00  0.000e+00 |
 | gamma q -> q g (udscb)                         284 |          95         20         20 |   6.314e-10  6.717e-11 |
 |                                                    |                                   |                        |
 | sum                                                |     8954557    1000000     999596 |   4.091e-05  1.761e-08 |
 |                                                                                                                 |
 *-------  End PYTHIA Event and Cross Section Statistics ----------------------------------------------------------*

 *-------  PYTHIA Error and Warning Messages Statistics  ----------------------------------------------------------* 
 |                                                                                                                 | 
 |  times   message                                                                                                | 
 |                                                                                                                 | 
 |    404   Abort from Pythia::next: parton+hadronLevel failed; giving up                                          | 
 |      1   Error in BeamRemnants::addOld: colour tracing failed after 10 attempts                                 | 
 |  49441   Error in BeamRemnants::setKinematics: kinematics construction failed after retrying 10 times           | 
 |    100   Error in BeamRemnants::setKinematics: no momentum left for beam remnants                               | 
 |    250   Error in BeamRemnants::setOneRemnKinematics: beam remnant invariant mass too large                     | 
 |   4568   Error in Pythia::next: partonLevel failed; try again                                                   | 
 |     58   Error in SimpleSpaceShower::pT2nearThreshold: stuck in loop                                            | 
 |     10   Warning in BeamRemnants::addOld: colour tracing failed; will try again                                 | 
 |      6   Warning in HadronWidths::pickMasses: angular momentum and running widths not used                      | 
 |      1   Warning in MultipartonInteractions::init: maximum increased                                            | 
 |    202   Warning in MultipartonInteractions::scatter: no room for remnants for given scattering                 | 
 |      2   Warning in PhaseSpace::trialKin123: maximum for cross section violated                                 | 
 |    352   Warning in SimpleSpaceShower::pT2nextQCD: small daughter PDF                                           | 
 |    137   Warning in SimpleSpaceShower::pT2nextQCD: weight above unity                                           | 
 |      1   Warning in TauDecays::decay: unknown correlated tau production, assuming from unpolarized photon       | 
 |                                                                                                                 | 
 *-------  End PYTHIA Error and Warning Messages Statistics  ------------------------------------------------------* 

=============================================================================
EVENT GENERATION SUMMARY
=============================================================================
Output File: ./eic141_pTHat5_pT0Ref3.0_Q2max1_n1000k.root
Log File:    ./eic141_pTHat5_pT0Ref3.0_Q2max1_n1000k.log

--- Event Counts ---
Total Attempts:     1000000
Valid Events:       999596
Failed Events:      404
Efficiency:         100.0%

--- Subprocess Classification ---
  QQ (quark-init):    350578 (35.1%)
  GG (gluon-init):    140328 (14.0%)
  GQ (mixed):         508690 (50.9%)
  Unclassified:            0 (0.0%)

--- Photoproduction Type ---
  Resolved:           683406 (68.4%)
  Direct:             316190 (31.6%)

--- Process Code Breakdown ---
    Code                  Process     Count         %    Class
---------------------------------------------------------------
     111              g g → g g    136897    13.70%        GG
     112           g g → q qbar      3475     0.35%        QQ
     113              q g → q g    387655    38.78%        GQ
     114            q q' → q q'    147246    14.73%        QQ
     115           q qbar → g g      3431     0.34%        GG
     116      q qbar → q' qbar'      2495     0.25%        QQ
     121           g g → c cbar       991     0.10%        QQ
     122        q qbar → c cbar       722     0.07%        QQ
     123           g g → b bbar       222     0.02%        QQ
     124        q qbar → b bbar       272     0.03%        QQ
     271          g γ → q qbar    118263    11.83%        QQ
     272          g γ → c cbar     70397     7.04%        QQ
     273          g γ → b bbar      6487     0.65%        QQ
     274             q γ → q g    121015    12.11%        GQ
     281          γ g → q qbar         3     0.00%        QQ
     282          γ g → c cbar         5     0.00%        QQ
     284             γ q → q g        20     0.00%        GQ

--- Trees Saved ---
  QQ_Events:         350578 events
  GG_Events:         140328 events
  GQ_Events:         508690 events
  Combined_Events:   999596 events
  Resolved_Events:   683406 events
  Direct_Events:     316190 events
=============================================================================

Event generation completed successfully!
Output: ./eic141_pTHat5_pT0Ref3.0_Q2max1_n1000k.root
