Event Generation Started: Wed May 13 11:52:36 2026
=============================================================================
EVENT GENERATION CONFIGURATION
=============================================================================

--- Collider Setup ---
  Preset:           eic64
  Proton Energy:    100 GeV
  Electron Energy:  10 GeV
  √s:               63.2 GeV

--- Event Generation ---
  Number of Events: 1000000

--- Physics Cuts ---
  pTHatMin:         7.0 GeV
  Q²max:            1.0 GeV²

--- PYTHIA Tuning ---
  Tune:pp:          14 (Monash 2013)
  Tune:ee:          7 (Monash 2013)
  pT0Ref:           3.0 GeV (MPI regularization)
  StringZ:aLund:    0.7
  StringZ:bLund:    1.0 GeV⁻²
  StringPT:sigma:   0.3 GeV

--- Output ---
  ROOT File:        ./eic64_pTHat7_pT0Ref3.0_Q2max1_n1000k_pTHat7.root
  Log File:         ./eic64_pTHat7_pT0Ref3.0_Q2max1_n1000k_pTHat7.log
=============================================================================


 *------------------------------------------------------------------------------------* 
 |                                                                                    | 
 |  *------------------------------------------------------------------------------*  | 
 |  |                                                                              |  | 
 |  |                                                                              |  | 
 |  |   PPP   Y   Y  TTTTT  H   H  III    A      Welcome to the Lund Monte Carlo!  |  | 
 |  |   P  P   Y Y     T    H   H   I    A A     This is PYTHIA version 8.311      |  | 
 |  |   PPP     Y      T    HHHHH   I   AAAAA    Last date of change:  8 Mar 2024  |  | 
 |  |   P       Y      T    H   H   I   A   A                                      |  | 
 |  |   P       Y      T    H   H  III  A   A    Now is 13 May 2026 at 11:52:36    |  | 
 |  |                                                                              |  | 
 |  |   Program documentation and an archive of historic versions is found on:     |  | 
 |  |                                                                              |  | 
 |  |                               https://pythia.org/                            |  | 
 |  |                                                                              |  | 
 |  |   PYTHIA is authored by a collaboration consisting of:                       |  | 
 |  |                                                                              |  | 
 |  |   Javira Altmann, Christian Bierlich, Naomi Cooke, Nishita Desai,            |  | 
 |  |   Leif Gellersen, Ilkka Helenius, Philip Ilten, Leif Lonnblad,               |  | 
 |  |   Stephen Mrenna, Christian Preuss, Torbjorn Sjostrand, Peter Skands,        |  | 
 |  |   Marius Utheim, and Rob Verheyen.                                           |  | 
 |  |                                                                              |  | 
 |  |   The complete list of authors, including contact information and            |  | 
 |  |   affiliations, can be found on https://pythia.org/.                         |  | 
 |  |   Problems or bugs should be reported on email at authors@pythia.org.        |  | 
 |  |                                                                              |  | 
 |  |   The main program reference is C. Bierlich et al,                           |  | 
 |  |   'A comprehensive guide to the physics and usage of Pythia 8.3',            |  | 
 |  |   SciPost Phys. Codebases 8-r8.3 (2022) [arXiv:2203.11601 [hep-ph]]          |  | 
 |  |                                                                              |  | 
 |  |   PYTHIA is released under the GNU General Public Licence version 2 or later.|  | 
 |  |   Please respect the MCnet Guidelines for Event Generator Authors and Users. |  | 
 |  |                                                                              |  | 
 |  |   Disclaimer: this program comes without any guarantees.                     |  | 
 |  |   Beware of errors and use common sense when interpreting results.           |  | 
 |  |                                                                              |  | 
 |  |   Copyright (C) 2024 Torbjorn Sjostrand                                      |  | 
 |  |                                                                              |  | 
 |  |                                                                              |  | 
 |  *------------------------------------------------------------------------------*  | 
 |                                                                                    | 
 *------------------------------------------------------------------------------------* 


 *-------  PYTHIA Process Initialization  --------------------------*
 |                                                                  |
 | We collide p+ with e- at a CM energy of 6.325e+01 GeV            |
 |                                                                  |
 |------------------------------------------------------------------|
 |                                                    |             |
 | Subprocess                                    Code |   Estimated |
 |                                                    |    max (mb) |
 |                                                    |             |
 |------------------------------------------------------------------|
 |                                                    |             |
 | g g -> g g                                     111 |   4.353e-07 |
 | g g -> q qbar (uds)                            112 |   1.244e-08 |
 | q g -> q g                                     113 |   2.435e-06 |
 | q q(bar)' -> q q(bar)'                         114 |   1.922e-06 |
 | q qbar -> g g                                  115 |   5.330e-08 |
 | q qbar -> q' qbar' (uds)                       116 |   3.999e-08 |
 | g g -> c cbar                                  121 |   3.634e-09 |
 | q qbar -> c cbar                               122 |   1.229e-08 |
 | g g -> b bbar                                  123 |   1.089e-09 |
 | q qbar -> b bbar                               124 |   5.995e-09 |
 | g gamma -> q qbar (uds)                        271 |   5.536e-07 |
 | g gamma -> c cbar                              272 |   3.609e-07 |
 | g gamma -> b bbar                              273 |   3.898e-08 |
 | q gamma -> q g (udscb)                         274 |   1.272e-06 |
 | gamma g -> q qbar (uds)                        281 |   6.589e-11 |
 | gamma g -> c cbar                              282 |   3.998e-11 |
 | gamma g -> b bbar                              283 |   4.596e-12 |
 | gamma q -> q g (udscb)                         284 |   2.261e-10 |
 |                                                                  |
 *-------  End PYTHIA Process Initialization -----------------------*

 *-------  PYTHIA Flag + Mode + Parm + Word + FVec + MVec + PVec + WVec Settings (changes only)  ------------------* 
 |                                                                                                                 | 
 | Name                                          |                      Now |      Default         Min         Max | 
 |                                               |                          |                                      | 
 | Beams:eA                                      |                100.00000 |     7000.000         0.0             | 
 | Beams:eB                                      |                 10.00000 |     7000.000         0.0             | 
 | Beams:frameType                               |                        2 |            1           1           5 | 
 | Beams:idB                                     |                       11 |         2212                         | 
 | HardQCD:all                                   |                       on |          off                         | 
 | Init:showChangedParticleData                  |                      off |           on                         | 
 | Init:showMultipartonInteractions              |                      off |           on                         | 
 | MultipartonInteractions:pT0Ref                |                  3.00000 |      2.28000     0.50000    10.00000 | 
 | Next:numberCount                              |                   100000 |         1000           0             | 
 | Next:numberShowEvent                          |                        0 |            1           0             | 
 | Next:numberShowInfo                           |                        0 |            1           0             | 
 | Next:numberShowProcess                        |                        0 |            1           0             | 
 | PDF:beamB2gamma                               |                       on |          off                         | 
 | PhaseSpace:pTHatMin                           |                  7.00000 |          0.0         0.0             | 
 | PhotonParton:all                              |                       on |          off                         | 
 |                                                                                                                 | 
 *-------  End PYTHIA Flag + Mode + Parm + Word + FVec + MVec + PVec + WVec Settings  -----------------------------* 

=== PYTHIA CONFIGURATION VERIFICATION ===
Tune:pp = 14
Tune:ee = 7
StringZ:aLund = 0.7
StringZ:bLund = 1.0
StringPT:sigma = 0.3
MultipartonInteractions:pT0Ref = 3.0
PhaseSpace:pTHatMin = 7.0
Photon:Q2max = 1.0
==========================================

ERROR in cling::CIFactory::createCI(): cannot extract standard library include paths!
Invoking:
  LC_ALL=C clang-19  -O3 -DNDEBUG -xc++ -E -v /dev/null 2>&1 | sed -n -e '/^.include/,${' -e '/^ \/.*++/p' -e '}'
Results was:
With exit code 0
Starting event generation...
Target: 1000000 events

  Progress: 0% | Valid: 0 | Efficiency: 0.0%
 PYTHIA Error in BeamRemnants::setKinematics: kinematics construction failed after retrying 10 times
 PYTHIA Error in Pythia::next: partonLevel failed; try again
 PYTHIA Abort from Pythia::next: parton+hadronLevel failed; giving up
 PYTHIA Warning in MultipartonInteractions::scatter: no room for remnants for given scattering
 PYTHIA Error in BeamRemnants::setOneRemnKinematics: beam remnant invariant mass too large
 PYTHIA Error in SimpleSpaceShower::pT2nearThreshold: stuck in loop
 PYTHIA Warning in SimpleSpaceShower::pT2nextQCD: weight above unity
 PYTHIA Warning in SimpleSpaceShower::pT2nextQCD: small daughter PDF
 PYTHIA Warning in SimpleSpaceShower::branch: used up beam momentum; retrying parton level
 PYTHIA Error in BeamRemnants::setKinematics: no momentum left for beam remnants
  Progress: 10% | Valid: 99843 | Efficiency: 99.8%

 Pythia::next(): 100000 events have been generated 
 PYTHIA Warning in HadronWidths::pickMasses: angular momentum and running widths not used
  Progress: 20% | Valid: 199698 | Efficiency: 99.8%

 Pythia::next(): 200000 events have been generated 
 PYTHIA Warning in PhaseSpace::trialKin123: maximum for cross section violated
  Progress: 30% | Valid: 299566 | Efficiency: 99.9%

 Pythia::next(): 300000 events have been generated 
  Progress: 40% | Valid: 399429 | Efficiency: 99.9%

 Pythia::next(): 400000 events have been generated 
  Progress: 50% | Valid: 499295 | Efficiency: 99.9%

 Pythia::next(): 500000 events have been generated 
 PYTHIA Error in MiniStringFragmentation::fragment: no 1- or 2-body state found above mass threshold
 PYTHIA Error in HadronLevel::next: ministring fragmentation failed
 PYTHIA Error in Pythia::next: hadronLevel failed; try again
  Progress: 60% | Valid: 599169 | Efficiency: 99.9%

 Pythia::next(): 600000 events have been generated 
  Progress: 70% | Valid: 699028 | Efficiency: 99.9%

 Pythia::next(): 700000 events have been generated 
  Progress: 80% | Valid: 798905 | Efficiency: 99.9%

 Pythia::next(): 800000 events have been generated 
  Progress: 90% | Valid: 898757 | Efficiency: 99.9%

 Pythia::next(): 900000 events have been generated 

Event generation complete!


 *-------  PYTHIA Event and Cross Section Statistics  -------------------------------------------------------------*
 |                                                                                                                 |
 | Subprocess                                    Code |            Number of events       |      sigma +- delta    |
 |                                                    |       Tried   Selected   Accepted |     (estimated) (mb)   |
 |                                                    |                                   |                        |
 |-----------------------------------------------------------------------------------------------------------------|
 |                                                    |                                   |                        |
 | g g -> g g                                     111 |      382058      26830      26830 |   3.065e-08  8.521e-11 |
 | g g -> q qbar (uds)                            112 |       10924        742        742 |   8.550e-10  1.427e-11 |
 | q g -> q g                                     113 |     2140035     204521     203805 |   2.320e-07  1.957e-10 |
 | q q(bar)' -> q q(bar)'                         114 |     1687819     163675     163022 |   1.860e-07  1.856e-10 |
 | q qbar -> g g                                  115 |       46682       4858       4852 |   5.459e-09  2.830e-11 |
 | q qbar -> q' qbar' (uds)                       116 |       35188       4109       4102 |   4.694e-09  2.903e-11 |
 | g g -> c cbar                                  121 |        3212        205        205 |   2.548e-10  7.937e-12 |
 | q qbar -> c cbar                               122 |       10969       1329       1328 |   1.433e-09  1.585e-11 |
 | g g -> b bbar                                  123 |         944         67         67 |   7.790e-11  4.659e-12 |
 | q qbar -> b bbar                               124 |        5146        540        540 |   6.426e-10  1.086e-11 |
 | g gamma -> q qbar (uds)                        271 |      484890     137562     137562 |   1.572e-07  2.382e-10 |
 | g gamma -> c cbar                              272 |      316539      83870      83870 |   9.578e-08  1.882e-10 |
 | g gamma -> b bbar                              273 |       34089       9311       9311 |   1.070e-08  6.501e-11 |
 | q gamma -> q g (udscb)                         274 |     1119858     362327     362319 |   4.117e-07  3.463e-10 |
 | gamma g -> q qbar (uds)                        281 |          68          6          6 |   5.143e-12  9.703e-13 |
 | gamma g -> c cbar                              282 |          35          2          2 |   2.646e-12  6.149e-13 |
 | gamma g -> b bbar                              283 |           2          1          1 |   7.268e-13  7.268e-13 |
 | gamma q -> q g (udscb)                         284 |         185         45         45 |   5.183e-11  3.627e-12 |
 |                                                    |                                   |                        |
 | sum                                                |     6278643    1000000     998609 |   1.137e-06  5.465e-10 |
 |                                                                                                                 |
 *-------  End PYTHIA Event and Cross Section Statistics ----------------------------------------------------------*

 *-------  PYTHIA Error and Warning Messages Statistics  ----------------------------------------------------------* 
 |                                                                                                                 | 
 |  times   message                                                                                                | 
 |                                                                                                                 | 
 |   1391   Abort from Pythia::next: parton+hadronLevel failed; giving up                                          | 
 | 156509   Error in BeamRemnants::setKinematics: kinematics construction failed after retrying 10 times           | 
 |    350   Error in BeamRemnants::setKinematics: no momentum left for beam remnants                               | 
 |   1357   Error in BeamRemnants::setOneRemnKinematics: beam remnant invariant mass too large                     | 
 |      1   Error in HadronLevel::next: ministring fragmentation failed                                            | 
 |      1   Error in MiniStringFragmentation::fragment: no 1- or 2-body state found above mass threshold           | 
 |      1   Error in Pythia::next: hadronLevel failed; try again                                                   | 
 |  15117   Error in Pythia::next: partonLevel failed; try again                                                   | 
 |    156   Error in SimpleSpaceShower::pT2nearThreshold: stuck in loop                                            | 
 |      7   Warning in HadronWidths::pickMasses: angular momentum and running widths not used                      | 
 |    788   Warning in MultipartonInteractions::scatter: no room for remnants for given scattering                 | 
 |      1   Warning in PhaseSpace::trialKin123: maximum for cross section violated                                 | 
 |    150   Warning in SimpleSpaceShower::branch: used up beam momentum; retrying parton level                     | 
 |     32   Warning in SimpleSpaceShower::pT2nextQCD: small daughter PDF                                           | 
 |    232   Warning in SimpleSpaceShower::pT2nextQCD: weight above unity                                           | 
 |                                                                                                                 | 
 *-------  End PYTHIA Error and Warning Messages Statistics  ------------------------------------------------------* 

=============================================================================
EVENT GENERATION SUMMARY
=============================================================================
Output File: ./eic64_pTHat7_pT0Ref3.0_Q2max1_n1000k_pTHat7.root
Log File:    ./eic64_pTHat7_pT0Ref3.0_Q2max1_n1000k_pTHat7.log

--- Event Counts ---
Total Attempts:     1000000
Valid Events:       998609
Failed Events:      1391
Efficiency:         99.9%

--- Subprocess Classification ---
  QQ (quark-init):    400758 (40.1%)
  GG (gluon-init):     31682 (3.2%)
  GQ (mixed):         566169 (56.7%)
  Unclassified:            0 (0.0%)

--- Photoproduction Type ---
  Resolved:           405493 (40.6%)
  Direct:             593116 (59.4%)

--- Process Code Breakdown ---
    Code                  Process     Count         %    Class
---------------------------------------------------------------
     111              g g → g g     26830     2.69%        GG
     112           g g → q qbar       742     0.07%        QQ
     113              q g → q g    203805    20.41%        GQ
     114            q q' → q q'    163022    16.32%        QQ
     115           q qbar → g g      4852     0.49%        GG
     116      q qbar → q' qbar'      4102     0.41%        QQ
     121           g g → c cbar       205     0.02%        QQ
     122        q qbar → c cbar      1328     0.13%        QQ
     123           g g → b bbar        67     0.01%        QQ
     124        q qbar → b bbar       540     0.05%        QQ
     271          g γ → q qbar    137562    13.78%        QQ
     272          g γ → c cbar     83870     8.40%        QQ
     273          g γ → b bbar      9311     0.93%        QQ
     274             q γ → q g    362319    36.28%        GQ
     281          γ g → q qbar         6     0.00%        QQ
     282          γ g → c cbar         2     0.00%        QQ
     283          γ g → b bbar         1     0.00%        QQ
     284             γ q → q g        45     0.00%        GQ

--- Trees Saved ---
  QQ_Events:         400758 events
  GG_Events:          31682 events
  GQ_Events:         566169 events
  Combined_Events:   998609 events
  Resolved_Events:   405493 events
  Direct_Events:     593116 events
=============================================================================

Event generation completed successfully!
Output: ./eic64_pTHat7_pT0Ref3.0_Q2max1_n1000k_pTHat7.root
