============================================================================================
Sanity check for per-eta binning  —  dijets_eic141_pTHat7_pT0Ref3.0_Q2max1_n1000k_R10_EtMin10_10_7
============================================================================================

--- observable: nsubjets ---
INCLUSIVE (|eta|<4):
  QQ: N=135800  <X>=3.3668  sigma=1.4165
  GG: N= 22930  <X>=3.8437  sigma=1.5225
  Delta_mu = +0.4769
  sep      = +0.2293

bin               N_QQ      <QQ>    sig_QQ    N_GG      <GG>    sig_GG     Delta       sep
[-1.0,+0.0)   20036    4.2766    1.1733    1538    5.2835    1.1482   +1.0069   +0.6134
[+0.0,+1.0)   50776    4.1211    1.1908    6634    5.1174    1.1380   +0.9963   +0.6049
[+1.0,+2.0)   43884    2.9004    1.0259    9347    3.6802    1.0225   +0.7798   +0.5384
[+2.0,+3.0)   19653    1.6937    0.6850    5118    2.2030    0.7471   +0.5093   +0.5025

variance decomposition (sigma^2 = within + between):
  QQ:  within^2 = 1.1536   between^2 = 0.8185   sum = 1.9721   observed^2 = 2.0064   ratio = 0.983
  GG:  within^2 = 1.0270   between^2 = 1.2349   sum = 2.2618   observed^2 = 2.3180   ratio = 0.976
  -> if ratio ~= 1.0, per-bin + between-bin variance reconstructs inclusive.
  -> fraction of QQ variance that is between-bin: 41.5%
  -> fraction of GG variance that is between-bin: 54.6%

N sanity: sum per-bin N_QQ = 134349  vs inclusive N_QQ = 135800  (diff = out-of-bin jets)
          sum per-bin N_GG = 22637  vs inclusive N_GG = 22930

--- observable: nsd ---
INCLUSIVE (|eta|<4):
  QQ: N=135800  <X>=3.3913  sigma=1.3357
  GG: N= 22930  <X>=4.2346  sigma=1.2952
  Delta_mu = +0.8433
  sep      = +0.4533

bin               N_QQ      <QQ>    sig_QQ    N_GG      <GG>    sig_GG     Delta       sep
[-1.0,+0.0)   20036    3.3506    1.3055    1538    4.1073    1.2731   +0.7567   +0.4150
[+0.0,+1.0)   50776    3.4180    1.3322    6634    4.1967    1.3048   +0.7788   +0.4176
[+1.0,+2.0)   43884    3.4017    1.3485    9347    4.2608    1.2984   +0.8591   +0.4589
[+2.0,+3.0)   19653    3.3482    1.3440    5118    4.2773    1.2815   +0.9291   +0.5003

variance decomposition (sigma^2 = within + between):
  QQ:  within^2 = 1.7831   between^2 = 0.0008   sum = 1.7840   observed^2 = 1.7840   ratio = 1.000
  GG:  within^2 = 1.6765   between^2 = 0.0022   sum = 1.6787   observed^2 = 1.6774   ratio = 1.001
  -> if ratio ~= 1.0, per-bin + between-bin variance reconstructs inclusive.
  -> fraction of QQ variance that is between-bin: 0.0%
  -> fraction of GG variance that is between-bin: 0.1%

N sanity: sum per-bin N_QQ = 134349  vs inclusive N_QQ = 135800  (diff = out-of-bin jets)
          sum per-bin N_GG = 22637  vs inclusive N_GG = 22930

Wrote /Users/siddharthsingh/Analysis/repos/photoproduction-eic/plots/softdrop/output/eic141_antikt_dijets/sanity_eta_means.pdf
