Event Generation Started: Wed May 13 11:52:42 2026

=== PYTHIA CONFIGURATION VERIFICATION ===
Tune:pp = 14
Tune:ee = 7
StringZ:aLund = 0.68
StringZ:bLund = 0.98
StringPT:sigma = 0.335
MultipartonInteractions:pT0Ref = 3
PhaseSpace:pTHatMin = 7
Photon:Q2max = 1
==========================================

Starting event generation...
Target: 1000000 events

  Progress: 0% | Valid: 0 | Efficiency: 0.0%
  Progress: 10% | Valid: 99944 | Efficiency: 99.9%
  Progress: 20% | Valid: 199882 | Efficiency: 99.9%
  Progress: 30% | Valid: 299810 | Efficiency: 99.9%
  Progress: 40% | Valid: 399734 | Efficiency: 99.9%
  Progress: 50% | Valid: 499681 | Efficiency: 99.9%
  Progress: 60% | Valid: 599611 | Efficiency: 99.9%
  Progress: 70% | Valid: 699548 | Efficiency: 99.9%
  Progress: 80% | Valid: 799489 | Efficiency: 99.9%
  Progress: 90% | Valid: 899424 | Efficiency: 99.9%

Event generation complete!


=============================================================================
EVENT GENERATION SUMMARY
=============================================================================
Output File: ./eic105_pTHat7_pT0Ref3.0_Q2max1_n1000k_pTHat7.root
Log File:    ./eic105_pTHat7_pT0Ref3.0_Q2max1_n1000k_pTHat7.log

--- Event Counts ---
Total Attempts:     1000000
Valid Events:       999353
Failed Events:      647
Efficiency:         99.9%

--- Subprocess Classification ---
  QQ (quark-init):    407554 (40.8%)
  GG (gluon-init):     66310 (6.6%)
  GQ (mixed):         525489 (52.6%)
  Unclassified:            0 (0.0%)

--- Photoproduction Type ---
  Resolved:           545478 (54.6%)
  Direct:             453875 (45.4%)

--- Process Code Breakdown ---
    Code                  Process     Count         %    Class
---------------------------------------------------------------
     111              g g → g g     61936     6.20%        GG
     112           g g → q qbar      1632     0.16%        QQ
     113              q g → q g    300494    30.07%        GQ
     114            q q' → q q'    171319    17.14%        QQ
     115           q qbar → g g      4374     0.44%        GG
     116      q qbar → q' qbar'      3458     0.35%        QQ
     121           g g → c cbar       522     0.05%        QQ
     122        q qbar → c cbar      1013     0.10%        QQ
     123           g g → b bbar       183     0.02%        QQ
     124        q qbar → b bbar       547     0.05%        QQ
     271          g γ → q qbar    134116    13.42%        QQ
     272          g γ → c cbar     83820     8.39%        QQ
     273          g γ → b bbar     10940     1.09%        QQ
     274             q γ → q g    224963    22.51%        GQ
     281          γ g → q qbar         1     0.00%        QQ
     282          γ g → c cbar         3     0.00%        QQ
     284             γ q → q g        32     0.00%        GQ

--- Trees Saved ---
  QQ_Events:         407554 events
  GG_Events:          66310 events
  GQ_Events:         525489 events
  Combined_Events:   999353 events
  Resolved_Events:   545478 events
  Direct_Events:     453875 events
=============================================================================

Event generation completed successfully!
Output: ./eic105_pTHat7_pT0Ref3.0_Q2max1_n1000k_pTHat7.root
