Event Generation Started: Wed May 13 11:52:42 2026
=============================================================================
EVENT GENERATION CONFIGURATION
=============================================================================

--- Collider Setup ---
  Preset:           eic105
  Proton Energy:    275 GeV
  Electron Energy:  10 GeV
  √s:               104.9 GeV

--- Event Generation ---
  Number of Events: 1000000

--- Physics Cuts ---
  pTHatMin:         7.0 GeV
  Q²max:            1.0 GeV²

--- PYTHIA Tuning ---
  Tune:pp:          14 (Monash 2013)
  Tune:ee:          7 (Monash 2013)
  pT0Ref:           3.0 GeV (MPI regularization)
  StringZ:aLund:    0.7
  StringZ:bLund:    1.0 GeV⁻²
  StringPT:sigma:   0.3 GeV

--- Output ---
  ROOT File:        ./eic105_pTHat7_pT0Ref3.0_Q2max1_n1000k_pTHat7.root
  Log File:         ./eic105_pTHat7_pT0Ref3.0_Q2max1_n1000k_pTHat7.log
=============================================================================


 *------------------------------------------------------------------------------------* 
 |                                                                                    | 
 |  *------------------------------------------------------------------------------*  | 
 |  |                                                                              |  | 
 |  |                                                                              |  | 
 |  |   PPP   Y   Y  TTTTT  H   H  III    A      Welcome to the Lund Monte Carlo!  |  | 
 |  |   P  P   Y Y     T    H   H   I    A A     This is PYTHIA version 8.311      |  | 
 |  |   PPP     Y      T    HHHHH   I   AAAAA    Last date of change:  8 Mar 2024  |  | 
 |  |   P       Y      T    H   H   I   A   A                                      |  | 
 |  |   P       Y      T    H   H  III  A   A    Now is 13 May 2026 at 11:52:42    |  | 
 |  |                                                                              |  | 
 |  |   Program documentation and an archive of historic versions is found on:     |  | 
 |  |                                                                              |  | 
 |  |                               https://pythia.org/                            |  | 
 |  |                                                                              |  | 
 |  |   PYTHIA is authored by a collaboration consisting of:                       |  | 
 |  |                                                                              |  | 
 |  |   Javira Altmann, Christian Bierlich, Naomi Cooke, Nishita Desai,            |  | 
 |  |   Leif Gellersen, Ilkka Helenius, Philip Ilten, Leif Lonnblad,               |  | 
 |  |   Stephen Mrenna, Christian Preuss, Torbjorn Sjostrand, Peter Skands,        |  | 
 |  |   Marius Utheim, and Rob Verheyen.                                           |  | 
 |  |                                                                              |  | 
 |  |   The complete list of authors, including contact information and            |  | 
 |  |   affiliations, can be found on https://pythia.org/.                         |  | 
 |  |   Problems or bugs should be reported on email at authors@pythia.org.        |  | 
 |  |                                                                              |  | 
 |  |   The main program reference is C. Bierlich et al,                           |  | 
 |  |   'A comprehensive guide to the physics and usage of Pythia 8.3',            |  | 
 |  |   SciPost Phys. Codebases 8-r8.3 (2022) [arXiv:2203.11601 [hep-ph]]          |  | 
 |  |                                                                              |  | 
 |  |   PYTHIA is released under the GNU General Public Licence version 2 or later.|  | 
 |  |   Please respect the MCnet Guidelines for Event Generator Authors and Users. |  | 
 |  |                                                                              |  | 
 |  |   Disclaimer: this program comes without any guarantees.                     |  | 
 |  |   Beware of errors and use common sense when interpreting results.           |  | 
 |  |                                                                              |  | 
 |  |   Copyright (C) 2024 Torbjorn Sjostrand                                      |  | 
 |  |                                                                              |  | 
 |  |                                                                              |  | 
 |  *------------------------------------------------------------------------------*  | 
 |                                                                                    | 
 *------------------------------------------------------------------------------------* 

 PYTHIA Warning in PhaseSpace::trialKin123: maximum for cross section violated

 *-------  PYTHIA Process Initialization  --------------------------*
 |                                                                  |
 | We collide p+ with e- at a CM energy of 1.049e+02 GeV            |
 |                                                                  |
 |------------------------------------------------------------------|
 |                                                    |             |
 | Subprocess                                    Code |   Estimated |
 |                                                    |    max (mb) |
 |                                                    |             |
 |------------------------------------------------------------------|
 |                                                    |             |
 | g g -> g g                                     111 |   3.503e-06 |
 | g g -> q qbar (uds)                            112 |   9.381e-08 |
 | q g -> q g                                     113 |   1.412e-05 |
 | q q(bar)' -> q q(bar)'                         114 |   8.680e-06 |
 | q qbar -> g g                                  115 |   1.915e-07 |
 | q qbar -> q' qbar' (uds)                       116 |   1.214e-07 |
 | g g -> c cbar                                  121 |   2.788e-08 |
 | q qbar -> c cbar                               122 |   3.810e-08 |
 | g g -> b bbar                                  123 |   1.018e-08 |
 | q qbar -> b bbar                               124 |   2.261e-08 |
 | g gamma -> q qbar (uds)                        271 |   1.959e-06 |
 | g gamma -> c cbar                              272 |   1.198e-06 |
 | g gamma -> b bbar                              273 |   1.499e-07 |
 | q gamma -> q g (udscb)                         274 |   3.082e-06 |
 | gamma g -> q qbar (uds)                        281 |   2.390e-10 |
 | gamma g -> c cbar                              282 |   1.677e-10 |
 | gamma g -> b bbar                              283 |   2.399e-11 |
 | gamma q -> q g (udscb)                         284 |   7.358e-10 |
 |                                                                  |
 *-------  End PYTHIA Process Initialization -----------------------*

 *-------  PYTHIA Flag + Mode + Parm + Word + FVec + MVec + PVec + WVec Settings (changes only)  ------------------* 
 |                                                                                                                 | 
 | Name                                          |                      Now |      Default         Min         Max | 
 |                                               |                          |                                      | 
 | Beams:eA                                      |                275.00000 |     7000.000         0.0             | 
 | Beams:eB                                      |                 10.00000 |     7000.000         0.0             | 
 | Beams:frameType                               |                        2 |            1           1           5 | 
 | Beams:idB                                     |                       11 |         2212                         | 
 | HardQCD:all                                   |                       on |          off                         | 
 | Init:showChangedParticleData                  |                      off |           on                         | 
 | Init:showMultipartonInteractions              |                      off |           on                         | 
 | MultipartonInteractions:pT0Ref                |                  3.00000 |      2.28000     0.50000    10.00000 | 
 | Next:numberCount                              |                   100000 |         1000           0             | 
 | Next:numberShowEvent                          |                        0 |            1           0             | 
 | Next:numberShowInfo                           |                        0 |            1           0             | 
 | Next:numberShowProcess                        |                        0 |            1           0             | 
 | PDF:beamB2gamma                               |                       on |          off                         | 
 | PhaseSpace:pTHatMin                           |                  7.00000 |          0.0         0.0             | 
 | PhotonParton:all                              |                       on |          off                         | 
 |                                                                                                                 | 
 *-------  End PYTHIA Flag + Mode + Parm + Word + FVec + MVec + PVec + WVec Settings  -----------------------------* 

=== PYTHIA CONFIGURATION VERIFICATION ===
Tune:pp = 14
Tune:ee = 7
StringZ:aLund = 0.7
StringZ:bLund = 1.0
StringPT:sigma = 0.3
MultipartonInteractions:pT0Ref = 3.0
PhaseSpace:pTHatMin = 7.0
Photon:Q2max = 1.0
==========================================

ERROR in cling::CIFactory::createCI(): cannot extract standard library include paths!
Invoking:
  LC_ALL=C clang-19  -O3 -DNDEBUG -xc++ -E -v /dev/null 2>&1 | sed -n -e '/^.include/,${' -e '/^ \/.*++/p' -e '}'
Results was:
With exit code 0
Starting event generation...
Target: 1000000 events

  Progress: 0% | Valid: 0 | Efficiency: 0.0%
 PYTHIA Error in BeamRemnants::setKinematics: kinematics construction failed after retrying 10 times
 PYTHIA Error in Pythia::next: partonLevel failed; try again
 PYTHIA Warning in MultipartonInteractions::scatter: no room for remnants for given scattering
 PYTHIA Warning in SimpleSpaceShower::pT2nextQCD: weight above unity
 PYTHIA Abort from Pythia::next: parton+hadronLevel failed; giving up
 PYTHIA Error in BeamRemnants::setOneRemnKinematics: beam remnant invariant mass too large
 PYTHIA Error in SimpleSpaceShower::pT2nearThreshold: stuck in loop
 PYTHIA Warning in SimpleSpaceShower::pT2nextQCD: small daughter PDF
  Progress: 10% | Valid: 99944 | Efficiency: 99.9%

 Pythia::next(): 100000 events have been generated 
 PYTHIA Warning in HadronWidths::pickMasses: angular momentum and running widths not used
  Progress: 20% | Valid: 199882 | Efficiency: 99.9%

 Pythia::next(): 200000 events have been generated 
  Progress: 30% | Valid: 299810 | Efficiency: 99.9%

 Pythia::next(): 300000 events have been generated 
 PYTHIA Warning in Pythia::check: not quite matched particle energy/momentum/mass
  Progress: 40% | Valid: 399734 | Efficiency: 99.9%

 Pythia::next(): 400000 events have been generated 
  Progress: 50% | Valid: 499681 | Efficiency: 99.9%

 Pythia::next(): 500000 events have been generated 
  Progress: 60% | Valid: 599611 | Efficiency: 99.9%

 Pythia::next(): 600000 events have been generated 
  Progress: 70% | Valid: 699548 | Efficiency: 99.9%

 Pythia::next(): 700000 events have been generated 
  Progress: 80% | Valid: 799489 | Efficiency: 99.9%

 Pythia::next(): 800000 events have been generated 
  Progress: 90% | Valid: 899424 | Efficiency: 99.9%

 Pythia::next(): 900000 events have been generated 

Event generation complete!


 *-------  PYTHIA Event and Cross Section Statistics  -------------------------------------------------------------*
 |                                                                                                                 |
 | Subprocess                                    Code |            Number of events       |      sigma +- delta    |
 |                                                    |       Tried   Selected   Accepted |     (estimated) (mb)   |
 |                                                    |                                   |                        |
 |-----------------------------------------------------------------------------------------------------------------|
 |                                                    |                                   |                        |
 | g g -> g g                                     111 |      758946      61936      61936 |   2.863e-07  5.166e-10 |
 | g g -> q qbar (uds)                            112 |       20420       1632       1632 |   7.492e-09  8.541e-11 |
 | q g -> q g                                     113 |     3061962     300855     300494 |   1.386e-06  9.493e-10 |
 | q q(bar)' -> q q(bar)'                         114 |     1878190     171601     171319 |   7.939e-07  7.909e-10 |
 | q qbar -> g g                                  115 |       41281       4374       4374 |   2.021e-08  1.090e-10 |
 | q qbar -> q' qbar' (uds)                       116 |       26216       3458       3458 |   1.598e-08  1.095e-10 |
 | g g -> c cbar                                  121 |        6133        522        522 |   2.322e-09  4.772e-11 |
 | q qbar -> c cbar                               122 |        8123       1014       1013 |   4.862e-09  6.029e-11 |
 | g g -> b bbar                                  123 |        2230        183        183 |   8.782e-10  3.171e-11 |
 | q qbar -> b bbar                               124 |        4858        547        547 |   2.585e-09  4.344e-11 |
 | g gamma -> q qbar (uds)                        271 |      423847     134116     134116 |   6.204e-07  8.820e-10 |
 | g gamma -> c cbar                              272 |      259308      83820      83820 |   3.868e-07  7.059e-10 |
 | g gamma -> b bbar                              273 |       32735      10940      10940 |   5.003e-08  2.602e-10 |
 | q gamma -> q g (udscb)                         274 |      666659     224966     224963 |   1.038e-06  1.067e-09 |
 | gamma g -> q qbar (uds)                        281 |          43          1          1 |   1.684e-11  1.684e-11 |
 | gamma g -> c cbar                              282 |          35          3          3 |   1.788e-11  3.756e-12 |
 | gamma g -> b bbar                              283 |           6          0          0 |   0.000e+00  0.000e+00 |
 | gamma q -> q g (udscb)                         284 |         150         32         32 |   1.459e-10  1.016e-11 |
 |                                                    |                                   |                        |
 | sum                                                |     7191142    1000000     999353 |   4.616e-06  2.078e-09 |
 |                                                                                                                 |
 *-------  End PYTHIA Event and Cross Section Statistics ----------------------------------------------------------*

 *-------  PYTHIA Error and Warning Messages Statistics  ----------------------------------------------------------* 
 |                                                                                                                 | 
 |  times   message                                                                                                | 
 |                                                                                                                 | 
 |    647   Abort from Pythia::next: parton+hadronLevel failed; giving up                                          | 
 |  74415   Error in BeamRemnants::setKinematics: kinematics construction failed after retrying 10 times           | 
 |    377   Error in BeamRemnants::setOneRemnKinematics: beam remnant invariant mass too large                     | 
 |   7074   Error in Pythia::next: partonLevel failed; try again                                                   | 
 |     52   Error in SimpleSpaceShower::pT2nearThreshold: stuck in loop                                            | 
 |     12   Warning in HadronWidths::pickMasses: angular momentum and running widths not used                      | 
 |    334   Warning in MultipartonInteractions::scatter: no room for remnants for given scattering                 | 
 |      1   Warning in PhaseSpace::trialKin123: maximum for cross section violated                                 | 
 |      4   Warning in Pythia::check: not quite matched particle energy/momentum/mass                              | 
 |    123   Warning in SimpleSpaceShower::pT2nextQCD: small daughter PDF                                           | 
 |    221   Warning in SimpleSpaceShower::pT2nextQCD: weight above unity                                           | 
 |                                                                                                                 | 
 *-------  End PYTHIA Error and Warning Messages Statistics  ------------------------------------------------------* 

=============================================================================
EVENT GENERATION SUMMARY
=============================================================================
Output File: ./eic105_pTHat7_pT0Ref3.0_Q2max1_n1000k_pTHat7.root
Log File:    ./eic105_pTHat7_pT0Ref3.0_Q2max1_n1000k_pTHat7.log

--- Event Counts ---
Total Attempts:     1000000
Valid Events:       999353
Failed Events:      647
Efficiency:         99.9%

--- Subprocess Classification ---
  QQ (quark-init):    407554 (40.8%)
  GG (gluon-init):     66310 (6.6%)
  GQ (mixed):         525489 (52.6%)
  Unclassified:            0 (0.0%)

--- Photoproduction Type ---
  Resolved:           545478 (54.6%)
  Direct:             453875 (45.4%)

--- Process Code Breakdown ---
    Code                  Process     Count         %    Class
---------------------------------------------------------------
     111              g g → g g     61936     6.20%        GG
     112           g g → q qbar      1632     0.16%        QQ
     113              q g → q g    300494    30.07%        GQ
     114            q q' → q q'    171319    17.14%        QQ
     115           q qbar → g g      4374     0.44%        GG
     116      q qbar → q' qbar'      3458     0.35%        QQ
     121           g g → c cbar       522     0.05%        QQ
     122        q qbar → c cbar      1013     0.10%        QQ
     123           g g → b bbar       183     0.02%        QQ
     124        q qbar → b bbar       547     0.05%        QQ
     271          g γ → q qbar    134116    13.42%        QQ
     272          g γ → c cbar     83820     8.39%        QQ
     273          g γ → b bbar     10940     1.09%        QQ
     274             q γ → q g    224963    22.51%        GQ
     281          γ g → q qbar         1     0.00%        QQ
     282          γ g → c cbar         3     0.00%        QQ
     284             γ q → q g        32     0.00%        GQ

--- Trees Saved ---
  QQ_Events:         407554 events
  GG_Events:          66310 events
  GQ_Events:         525489 events
  Combined_Events:   999353 events
  Resolved_Events:   545478 events
  Direct_Events:     453875 events
=============================================================================

Event generation completed successfully!
Output: ./eic105_pTHat7_pT0Ref3.0_Q2max1_n1000k_pTHat7.root
