AUC summary — paper-config dijet samples, paper eta bins
============================================================================================
Sample                        bin                 N_QQ    N_GG   Psi_AUC   nSD_AUC   nSJ_AUC
EIC 64 (anti-kT)              inclusive          15132     758     0.745     0.657     0.652
EIC 64 (anti-kT)              $\eta \in [-1, 0)$       —       —         —         —         —
EIC 64 (anti-kT)              $\eta \in [0, 1)$    7927     340     0.748     0.647     0.696
EIC 64 (anti-kT)              $\eta \in [1, 1.5)$    4014     252     0.755     0.669     0.725
EIC 64 (anti-kT)              $\eta \in [1.5, 2)$    2065     135     0.735     0.665     0.691
--------------------------------------------------------------------------------------------
EIC 105 (anti-kT)             inclusive          25258    2796     0.766     0.682     0.590
EIC 105 (anti-kT)             $\eta \in [-1, 0)$       —       —         —         —         —
EIC 105 (anti-kT)             $\eta \in [0, 1)$    8295     601     0.764     0.665     0.702
EIC 105 (anti-kT)             $\eta \in [1, 1.5)$    5642     612     0.785     0.678     0.734
EIC 105 (anti-kT)             $\eta \in [1.5, 2)$    5131     679     0.760     0.686     0.720
--------------------------------------------------------------------------------------------
EIC 141 (anti-kT)             inclusive         135800   22930     0.757     0.672     0.586
EIC 141 (anti-kT)             $\eta \in [-1, 0)$   20036    1538     0.766     0.658     0.724
EIC 141 (anti-kT)             $\eta \in [0, 1)$   50776    6634     0.764     0.659     0.723
EIC 141 (anti-kT)             $\eta \in [1, 1.5)$   24329    4735     0.757     0.668     0.726
EIC 141 (anti-kT)             $\eta \in [1.5, 2)$   19555    4612     0.764     0.683     0.723
--------------------------------------------------------------------------------------------
HERA 300 (anti-kT)            inclusive         134774   57592     0.768     0.688     0.526
HERA 300 (anti-kT)            $\eta \in [-1, 0)$   22897    4003     0.776     0.668     0.740
HERA 300 (anti-kT)            $\eta \in [0, 1)$   37961   11283     0.780     0.677     0.737
HERA 300 (anti-kT)            $\eta \in [1, 1.5)$   18660    7965     0.771     0.684     0.743
HERA 300 (anti-kT)            $\eta \in [1.5, 2)$   16487    8739     0.774     0.694     0.738
--------------------------------------------------------------------------------------------
